[2026-02-21T17:27:41.616Z] [ERROR] Request error
    Data: {
  "message": "Unauthorized",
  "stack": "UnauthorizedError: Unauthorized\n    at getToken (D:\\work\\pecha-translation-editor\\backend\\node_modules\\express-oauth2-jwt-bearer\\dist\\index.js:82:15)\n    at D:\\work\\pecha-translation-editor\\backend\\node_modules\\express-oauth2-jwt-bearer\\dist\\index.js:402:25\n    at Layer.handle [as handle_request] (D:\\work\\pecha-translation-editor\\backend\\node_modules\\express\\lib\\router\\layer.js:95:5)\n    at next (D:\\work\\pecha-translation-editor\\backend\\node_modules\\express\\lib\\router\\route.js:149:13)\n    at Route.dispatch (D:\\work\\pecha-translation-editor\\backend\\node_modules\\express\\lib\\router\\route.js:119:3)\n    at Layer.handle [as handle_request] (D:\\work\\pecha-translation-editor\\backend\\node_modules\\express\\lib\\router\\layer.js:95:5)\n    at D:\\work\\pecha-translation-editor\\backend\\node_modules\\express\\lib\\router\\index.js:284:15\n    at param (D:\\work\\pecha-translation-editor\\backend\\node_modules\\express\\lib\\router\\index.js:365:14)\n    at param (D:\\work\\pecha-translation-editor\\backend\\node_modules\\express\\lib\\router\\index.js:376:14)\n    at Function.process_params (D:\\work\\pecha-translation-editor\\backend\\node_modules\\express\\lib\\router\\index.js:421:3)\n    at next (D:\\work\\pecha-translation-editor\\backend\\node_modules\\express\\lib\\router\\index.js:280:10)\n    at Function.handle (D:\\work\\pecha-translation-editor\\backend\\node_modules\\express\\lib\\router\\index.js:175:3)\n    at router (D:\\work\\pecha-translation-editor\\backend\\node_modules\\express\\lib\\router\\index.js:47:12)\n    at Layer.handle [as handle_request] (D:\\work\\pecha-translation-editor\\backend\\node_modules\\express\\lib\\router\\layer.js:95:5)\n    at trim_prefix (D:\\work\\pecha-translation-editor\\backend\\node_modules\\express\\lib\\router\\index.js:328:13)\n    at D:\\work\\pecha-translation-editor\\backend\\node_modules\\express\\lib\\router\\index.js:286:9",
  "url": "/documents/%E0%BC%8B%E0%BD%98%E0%BD%81%E0%BD%A0%E0%BC%8B%E0%BD%91%E0%BD%98%E0%BD%82%E0%BC%8B%E0%BD%82%E0%BD%B2%E0%BC%8B%E0%BD%A2%E0%BE%9F%E0%BD%BA%E0%BD%93%E0%BC%8B%E0%BD%82%E0%BD%9E%E0%BD%B2%E0%BC%8B%E0%BD%9E%E0%BD%B2%E0%BD%82-1762681025842",
  "method": "GET",
  "status": 401
}
[2026-02-21T17:27:42.641Z] [ERROR] Request error
    Data: {
  "message": "Unauthorized",
  "stack": "UnauthorizedError: Unauthorized\n    at getToken (D:\\work\\pecha-translation-editor\\backend\\node_modules\\express-oauth2-jwt-bearer\\dist\\index.js:82:15)\n    at D:\\work\\pecha-translation-editor\\backend\\node_modules\\express-oauth2-jwt-bearer\\dist\\index.js:402:25\n    at Layer.handle [as handle_request] (D:\\work\\pecha-translation-editor\\backend\\node_modules\\express\\lib\\router\\layer.js:95:5)\n    at next (D:\\work\\pecha-translation-editor\\backend\\node_modules\\express\\lib\\router\\route.js:149:13)\n    at Route.dispatch (D:\\work\\pecha-translation-editor\\backend\\node_modules\\express\\lib\\router\\route.js:119:3)\n    at Layer.handle [as handle_request] (D:\\work\\pecha-translation-editor\\backend\\node_modules\\express\\lib\\router\\layer.js:95:5)\n    at D:\\work\\pecha-translation-editor\\backend\\node_modules\\express\\lib\\router\\index.js:284:15\n    at param (D:\\work\\pecha-translation-editor\\backend\\node_modules\\express\\lib\\router\\index.js:365:14)\n    at param (D:\\work\\pecha-translation-editor\\backend\\node_modules\\express\\lib\\router\\index.js:376:14)\n    at Function.process_params (D:\\work\\pecha-translation-editor\\backend\\node_modules\\express\\lib\\router\\index.js:421:3)\n    at next (D:\\work\\pecha-translation-editor\\backend\\node_modules\\express\\lib\\router\\index.js:280:10)\n    at Function.handle (D:\\work\\pecha-translation-editor\\backend\\node_modules\\express\\lib\\router\\index.js:175:3)\n    at router (D:\\work\\pecha-translation-editor\\backend\\node_modules\\express\\lib\\router\\index.js:47:12)\n    at Layer.handle [as handle_request] (D:\\work\\pecha-translation-editor\\backend\\node_modules\\express\\lib\\router\\layer.js:95:5)\n    at trim_prefix (D:\\work\\pecha-translation-editor\\backend\\node_modules\\express\\lib\\router\\index.js:328:13)\n    at D:\\work\\pecha-translation-editor\\backend\\node_modules\\express\\lib\\router\\index.js:286:9",
  "url": "/documents/%E0%BC%8B%E0%BD%98%E0%BD%81%E0%BD%A0%E0%BC%8B%E0%BD%91%E0%BD%98%E0%BD%82%E0%BC%8B%E0%BD%82%E0%BD%B2%E0%BC%8B%E0%BD%A2%E0%BE%9F%E0%BD%BA%E0%BD%93%E0%BC%8B%E0%BD%82%E0%BD%9E%E0%BD%B2%E0%BC%8B%E0%BD%9E%E0%BD%B2%E0%BD%82-1762681025842",
  "method": "GET",
  "status": 401
}
[2026-02-21T17:27:44.645Z] [ERROR] Request error
    Data: {
  "message": "Unauthorized",
  "stack": "UnauthorizedError: Unauthorized\n    at getToken (D:\\work\\pecha-translation-editor\\backend\\node_modules\\express-oauth2-jwt-bearer\\dist\\index.js:82:15)\n    at D:\\work\\pecha-translation-editor\\backend\\node_modules\\express-oauth2-jwt-bearer\\dist\\index.js:402:25\n    at Layer.handle [as handle_request] (D:\\work\\pecha-translation-editor\\backend\\node_modules\\express\\lib\\router\\layer.js:95:5)\n    at next (D:\\work\\pecha-translation-editor\\backend\\node_modules\\express\\lib\\router\\route.js:149:13)\n    at Route.dispatch (D:\\work\\pecha-translation-editor\\backend\\node_modules\\express\\lib\\router\\route.js:119:3)\n    at Layer.handle [as handle_request] (D:\\work\\pecha-translation-editor\\backend\\node_modules\\express\\lib\\router\\layer.js:95:5)\n    at D:\\work\\pecha-translation-editor\\backend\\node_modules\\express\\lib\\router\\index.js:284:15\n    at param (D:\\work\\pecha-translation-editor\\backend\\node_modules\\express\\lib\\router\\index.js:365:14)\n    at param (D:\\work\\pecha-translation-editor\\backend\\node_modules\\express\\lib\\router\\index.js:376:14)\n    at Function.process_params (D:\\work\\pecha-translation-editor\\backend\\node_modules\\express\\lib\\router\\index.js:421:3)\n    at next (D:\\work\\pecha-translation-editor\\backend\\node_modules\\express\\lib\\router\\index.js:280:10)\n    at Function.handle (D:\\work\\pecha-translation-editor\\backend\\node_modules\\express\\lib\\router\\index.js:175:3)\n    at router (D:\\work\\pecha-translation-editor\\backend\\node_modules\\express\\lib\\router\\index.js:47:12)\n    at Layer.handle [as handle_request] (D:\\work\\pecha-translation-editor\\backend\\node_modules\\express\\lib\\router\\layer.js:95:5)\n    at trim_prefix (D:\\work\\pecha-translation-editor\\backend\\node_modules\\express\\lib\\router\\index.js:328:13)\n    at D:\\work\\pecha-translation-editor\\backend\\node_modules\\express\\lib\\router\\index.js:286:9",
  "url": "/documents/%E0%BC%8B%E0%BD%98%E0%BD%81%E0%BD%A0%E0%BC%8B%E0%BD%91%E0%BD%98%E0%BD%82%E0%BC%8B%E0%BD%82%E0%BD%B2%E0%BC%8B%E0%BD%A2%E0%BE%9F%E0%BD%BA%E0%BD%93%E0%BC%8B%E0%BD%82%E0%BD%9E%E0%BD%B2%E0%BC%8B%E0%BD%9E%E0%BD%B2%E0%BD%82-1762681025842",
  "method": "GET",
  "status": 401
}
[2026-02-21T17:27:48.656Z] [ERROR] Request error
    Data: {
  "message": "Unauthorized",
  "stack": "UnauthorizedError: Unauthorized\n    at getToken (D:\\work\\pecha-translation-editor\\backend\\node_modules\\express-oauth2-jwt-bearer\\dist\\index.js:82:15)\n    at D:\\work\\pecha-translation-editor\\backend\\node_modules\\express-oauth2-jwt-bearer\\dist\\index.js:402:25\n    at Layer.handle [as handle_request] (D:\\work\\pecha-translation-editor\\backend\\node_modules\\express\\lib\\router\\layer.js:95:5)\n    at next (D:\\work\\pecha-translation-editor\\backend\\node_modules\\express\\lib\\router\\route.js:149:13)\n    at Route.dispatch (D:\\work\\pecha-translation-editor\\backend\\node_modules\\express\\lib\\router\\route.js:119:3)\n    at Layer.handle [as handle_request] (D:\\work\\pecha-translation-editor\\backend\\node_modules\\express\\lib\\router\\layer.js:95:5)\n    at D:\\work\\pecha-translation-editor\\backend\\node_modules\\express\\lib\\router\\index.js:284:15\n    at param (D:\\work\\pecha-translation-editor\\backend\\node_modules\\express\\lib\\router\\index.js:365:14)\n    at param (D:\\work\\pecha-translation-editor\\backend\\node_modules\\express\\lib\\router\\index.js:376:14)\n    at Function.process_params (D:\\work\\pecha-translation-editor\\backend\\node_modules\\express\\lib\\router\\index.js:421:3)\n    at next (D:\\work\\pecha-translation-editor\\backend\\node_modules\\express\\lib\\router\\index.js:280:10)\n    at Function.handle (D:\\work\\pecha-translation-editor\\backend\\node_modules\\express\\lib\\router\\index.js:175:3)\n    at router (D:\\work\\pecha-translation-editor\\backend\\node_modules\\express\\lib\\router\\index.js:47:12)\n    at Layer.handle [as handle_request] (D:\\work\\pecha-translation-editor\\backend\\node_modules\\express\\lib\\router\\layer.js:95:5)\n    at trim_prefix (D:\\work\\pecha-translation-editor\\backend\\node_modules\\express\\lib\\router\\index.js:328:13)\n    at D:\\work\\pecha-translation-editor\\backend\\node_modules\\express\\lib\\router\\index.js:286:9",
  "url": "/documents/%E0%BC%8B%E0%BD%98%E0%BD%81%E0%BD%A0%E0%BC%8B%E0%BD%91%E0%BD%98%E0%BD%82%E0%BC%8B%E0%BD%82%E0%BD%B2%E0%BC%8B%E0%BD%A2%E0%BE%9F%E0%BD%BA%E0%BD%93%E0%BC%8B%E0%BD%82%E0%BD%9E%E0%BD%B2%E0%BC%8B%E0%BD%9E%E0%BD%B2%E0%BD%82-1762681025842",
  "method": "GET",
  "status": 401
}
[2026-02-21T17:28:00.692Z] [ERROR] Request error
    Data: {
  "message": "Unauthorized",
  "stack": "UnauthorizedError: Unauthorized\n    at getToken (D:\\work\\pecha-translation-editor\\backend\\node_modules\\express-oauth2-jwt-bearer\\dist\\index.js:82:15)\n    at D:\\work\\pecha-translation-editor\\backend\\node_modules\\express-oauth2-jwt-bearer\\dist\\index.js:402:25\n    at Layer.handle [as handle_request] (D:\\work\\pecha-translation-editor\\backend\\node_modules\\express\\lib\\router\\layer.js:95:5)\n    at next (D:\\work\\pecha-translation-editor\\backend\\node_modules\\express\\lib\\router\\route.js:149:13)\n    at Route.dispatch (D:\\work\\pecha-translation-editor\\backend\\node_modules\\express\\lib\\router\\route.js:119:3)\n    at Layer.handle [as handle_request] (D:\\work\\pecha-translation-editor\\backend\\node_modules\\express\\lib\\router\\layer.js:95:5)\n    at D:\\work\\pecha-translation-editor\\backend\\node_modules\\express\\lib\\router\\index.js:284:15\n    at param (D:\\work\\pecha-translation-editor\\backend\\node_modules\\express\\lib\\router\\index.js:365:14)\n    at param (D:\\work\\pecha-translation-editor\\backend\\node_modules\\express\\lib\\router\\index.js:376:14)\n    at Function.process_params (D:\\work\\pecha-translation-editor\\backend\\node_modules\\express\\lib\\router\\index.js:421:3)\n    at next (D:\\work\\pecha-translation-editor\\backend\\node_modules\\express\\lib\\router\\index.js:280:10)\n    at Function.handle (D:\\work\\pecha-translation-editor\\backend\\node_modules\\express\\lib\\router\\index.js:175:3)\n    at router (D:\\work\\pecha-translation-editor\\backend\\node_modules\\express\\lib\\router\\index.js:47:12)\n    at Layer.handle [as handle_request] (D:\\work\\pecha-translation-editor\\backend\\node_modules\\express\\lib\\router\\layer.js:95:5)\n    at trim_prefix (D:\\work\\pecha-translation-editor\\backend\\node_modules\\express\\lib\\router\\index.js:328:13)\n    at D:\\work\\pecha-translation-editor\\backend\\node_modules\\express\\lib\\router\\index.js:286:9",
  "url": "/documents/%E0%BC%8B%E0%BD%98%E0%BD%81%E0%BD%A0%E0%BC%8B%E0%BD%91%E0%BD%98%E0%BD%82%E0%BC%8B%E0%BD%82%E0%BD%B2%E0%BC%8B%E0%BD%A2%E0%BE%9F%E0%BD%BA%E0%BD%93%E0%BC%8B%E0%BD%82%E0%BD%9E%E0%BD%B2%E0%BC%8B%E0%BD%9E%E0%BD%B2%E0%BD%82-1762681025842",
  "method": "GET",
  "status": 401
}
[2026-02-21T17:28:01.713Z] [ERROR] Request error
    Data: {
  "message": "Unauthorized",
  "stack": "UnauthorizedError: Unauthorized\n    at getToken (D:\\work\\pecha-translation-editor\\backend\\node_modules\\express-oauth2-jwt-bearer\\dist\\index.js:82:15)\n    at D:\\work\\pecha-translation-editor\\backend\\node_modules\\express-oauth2-jwt-bearer\\dist\\index.js:402:25\n    at Layer.handle [as handle_request] (D:\\work\\pecha-translation-editor\\backend\\node_modules\\express\\lib\\router\\layer.js:95:5)\n    at next (D:\\work\\pecha-translation-editor\\backend\\node_modules\\express\\lib\\router\\route.js:149:13)\n    at Route.dispatch (D:\\work\\pecha-translation-editor\\backend\\node_modules\\express\\lib\\router\\route.js:119:3)\n    at Layer.handle [as handle_request] (D:\\work\\pecha-translation-editor\\backend\\node_modules\\express\\lib\\router\\layer.js:95:5)\n    at D:\\work\\pecha-translation-editor\\backend\\node_modules\\express\\lib\\router\\index.js:284:15\n    at param (D:\\work\\pecha-translation-editor\\backend\\node_modules\\express\\lib\\router\\index.js:365:14)\n    at param (D:\\work\\pecha-translation-editor\\backend\\node_modules\\express\\lib\\router\\index.js:376:14)\n    at Function.process_params (D:\\work\\pecha-translation-editor\\backend\\node_modules\\express\\lib\\router\\index.js:421:3)\n    at next (D:\\work\\pecha-translation-editor\\backend\\node_modules\\express\\lib\\router\\index.js:280:10)\n    at Function.handle (D:\\work\\pecha-translation-editor\\backend\\node_modules\\express\\lib\\router\\index.js:175:3)\n    at router (D:\\work\\pecha-translation-editor\\backend\\node_modules\\express\\lib\\router\\index.js:47:12)\n    at Layer.handle [as handle_request] (D:\\work\\pecha-translation-editor\\backend\\node_modules\\express\\lib\\router\\layer.js:95:5)\n    at trim_prefix (D:\\work\\pecha-translation-editor\\backend\\node_modules\\express\\lib\\router\\index.js:328:13)\n    at D:\\work\\pecha-translation-editor\\backend\\node_modules\\express\\lib\\router\\index.js:286:9",
  "url": "/documents/%E0%BC%8B%E0%BD%98%E0%BD%81%E0%BD%A0%E0%BC%8B%E0%BD%91%E0%BD%98%E0%BD%82%E0%BC%8B%E0%BD%82%E0%BD%B2%E0%BC%8B%E0%BD%A2%E0%BE%9F%E0%BD%BA%E0%BD%93%E0%BC%8B%E0%BD%82%E0%BD%9E%E0%BD%B2%E0%BC%8B%E0%BD%9E%E0%BD%B2%E0%BD%82-1762681025842",
  "method": "GET",
  "status": 401
}
[2026-02-21T17:28:03.719Z] [ERROR] Request error
    Data: {
  "message": "Unauthorized",
  "stack": "UnauthorizedError: Unauthorized\n    at getToken (D:\\work\\pecha-translation-editor\\backend\\node_modules\\express-oauth2-jwt-bearer\\dist\\index.js:82:15)\n    at D:\\work\\pecha-translation-editor\\backend\\node_modules\\express-oauth2-jwt-bearer\\dist\\index.js:402:25\n    at Layer.handle [as handle_request] (D:\\work\\pecha-translation-editor\\backend\\node_modules\\express\\lib\\router\\layer.js:95:5)\n    at next (D:\\work\\pecha-translation-editor\\backend\\node_modules\\express\\lib\\router\\route.js:149:13)\n    at Route.dispatch (D:\\work\\pecha-translation-editor\\backend\\node_modules\\express\\lib\\router\\route.js:119:3)\n    at Layer.handle [as handle_request] (D:\\work\\pecha-translation-editor\\backend\\node_modules\\express\\lib\\router\\layer.js:95:5)\n    at D:\\work\\pecha-translation-editor\\backend\\node_modules\\express\\lib\\router\\index.js:284:15\n    at param (D:\\work\\pecha-translation-editor\\backend\\node_modules\\express\\lib\\router\\index.js:365:14)\n    at param (D:\\work\\pecha-translation-editor\\backend\\node_modules\\express\\lib\\router\\index.js:376:14)\n    at Function.process_params (D:\\work\\pecha-translation-editor\\backend\\node_modules\\express\\lib\\router\\index.js:421:3)\n    at next (D:\\work\\pecha-translation-editor\\backend\\node_modules\\express\\lib\\router\\index.js:280:10)\n    at Function.handle (D:\\work\\pecha-translation-editor\\backend\\node_modules\\express\\lib\\router\\index.js:175:3)\n    at router (D:\\work\\pecha-translation-editor\\backend\\node_modules\\express\\lib\\router\\index.js:47:12)\n    at Layer.handle [as handle_request] (D:\\work\\pecha-translation-editor\\backend\\node_modules\\express\\lib\\router\\layer.js:95:5)\n    at trim_prefix (D:\\work\\pecha-translation-editor\\backend\\node_modules\\express\\lib\\router\\index.js:328:13)\n    at D:\\work\\pecha-translation-editor\\backend\\node_modules\\express\\lib\\router\\index.js:286:9",
  "url": "/documents/%E0%BC%8B%E0%BD%98%E0%BD%81%E0%BD%A0%E0%BC%8B%E0%BD%91%E0%BD%98%E0%BD%82%E0%BC%8B%E0%BD%82%E0%BD%B2%E0%BC%8B%E0%BD%A2%E0%BE%9F%E0%BD%BA%E0%BD%93%E0%BC%8B%E0%BD%82%E0%BD%9E%E0%BD%B2%E0%BC%8B%E0%BD%9E%E0%BD%B2%E0%BD%82-1762681025842",
  "method": "GET",
  "status": 401
}
[2026-02-21T17:28:07.734Z] [ERROR] Request error
    Data: {
  "message": "Unauthorized",
  "stack": "UnauthorizedError: Unauthorized\n    at getToken (D:\\work\\pecha-translation-editor\\backend\\node_modules\\express-oauth2-jwt-bearer\\dist\\index.js:82:15)\n    at D:\\work\\pecha-translation-editor\\backend\\node_modules\\express-oauth2-jwt-bearer\\dist\\index.js:402:25\n    at Layer.handle [as handle_request] (D:\\work\\pecha-translation-editor\\backend\\node_modules\\express\\lib\\router\\layer.js:95:5)\n    at next (D:\\work\\pecha-translation-editor\\backend\\node_modules\\express\\lib\\router\\route.js:149:13)\n    at Route.dispatch (D:\\work\\pecha-translation-editor\\backend\\node_modules\\express\\lib\\router\\route.js:119:3)\n    at Layer.handle [as handle_request] (D:\\work\\pecha-translation-editor\\backend\\node_modules\\express\\lib\\router\\layer.js:95:5)\n    at D:\\work\\pecha-translation-editor\\backend\\node_modules\\express\\lib\\router\\index.js:284:15\n    at param (D:\\work\\pecha-translation-editor\\backend\\node_modules\\express\\lib\\router\\index.js:365:14)\n    at param (D:\\work\\pecha-translation-editor\\backend\\node_modules\\express\\lib\\router\\index.js:376:14)\n    at Function.process_params (D:\\work\\pecha-translation-editor\\backend\\node_modules\\express\\lib\\router\\index.js:421:3)\n    at next (D:\\work\\pecha-translation-editor\\backend\\node_modules\\express\\lib\\router\\index.js:280:10)\n    at Function.handle (D:\\work\\pecha-translation-editor\\backend\\node_modules\\express\\lib\\router\\index.js:175:3)\n    at router (D:\\work\\pecha-translation-editor\\backend\\node_modules\\express\\lib\\router\\index.js:47:12)\n    at Layer.handle [as handle_request] (D:\\work\\pecha-translation-editor\\backend\\node_modules\\express\\lib\\router\\layer.js:95:5)\n    at trim_prefix (D:\\work\\pecha-translation-editor\\backend\\node_modules\\express\\lib\\router\\index.js:328:13)\n    at D:\\work\\pecha-translation-editor\\backend\\node_modules\\express\\lib\\router\\index.js:286:9",
  "url": "/documents/%E0%BC%8B%E0%BD%98%E0%BD%81%E0%BD%A0%E0%BC%8B%E0%BD%91%E0%BD%98%E0%BD%82%E0%BC%8B%E0%BD%82%E0%BD%B2%E0%BC%8B%E0%BD%A2%E0%BE%9F%E0%BD%BA%E0%BD%93%E0%BC%8B%E0%BD%82%E0%BD%9E%E0%BD%B2%E0%BC%8B%E0%BD%9E%E0%BD%B2%E0%BD%82-1762681025842",
  "method": "GET",
  "status": 401
}
[2026-02-21T17:28:40.785Z] [ERROR] Request error
    Data: {
  "message": "Unauthorized",
  "stack": "UnauthorizedError: Unauthorized\n    at getToken (D:\\work\\pecha-translation-editor\\backend\\node_modules\\express-oauth2-jwt-bearer\\dist\\index.js:82:15)\n    at D:\\work\\pecha-translation-editor\\backend\\node_modules\\express-oauth2-jwt-bearer\\dist\\index.js:402:25\n    at Layer.handle [as handle_request] (D:\\work\\pecha-translation-editor\\backend\\node_modules\\express\\lib\\router\\layer.js:95:5)\n    at next (D:\\work\\pecha-translation-editor\\backend\\node_modules\\express\\lib\\router\\route.js:149:13)\n    at Route.dispatch (D:\\work\\pecha-translation-editor\\backend\\node_modules\\express\\lib\\router\\route.js:119:3)\n    at Layer.handle [as handle_request] (D:\\work\\pecha-translation-editor\\backend\\node_modules\\express\\lib\\router\\layer.js:95:5)\n    at D:\\work\\pecha-translation-editor\\backend\\node_modules\\express\\lib\\router\\index.js:284:15\n    at param (D:\\work\\pecha-translation-editor\\backend\\node_modules\\express\\lib\\router\\index.js:365:14)\n    at param (D:\\work\\pecha-translation-editor\\backend\\node_modules\\express\\lib\\router\\index.js:376:14)\n    at Function.process_params (D:\\work\\pecha-translation-editor\\backend\\node_modules\\express\\lib\\router\\index.js:421:3)\n    at next (D:\\work\\pecha-translation-editor\\backend\\node_modules\\express\\lib\\router\\index.js:280:10)\n    at Function.handle (D:\\work\\pecha-translation-editor\\backend\\node_modules\\express\\lib\\router\\index.js:175:3)\n    at router (D:\\work\\pecha-translation-editor\\backend\\node_modules\\express\\lib\\router\\index.js:47:12)\n    at Layer.handle [as handle_request] (D:\\work\\pecha-translation-editor\\backend\\node_modules\\express\\lib\\router\\layer.js:95:5)\n    at trim_prefix (D:\\work\\pecha-translation-editor\\backend\\node_modules\\express\\lib\\router\\index.js:328:13)\n    at D:\\work\\pecha-translation-editor\\backend\\node_modules\\express\\lib\\router\\index.js:286:9",
  "url": "/versions/%E0%BC%8B%E0%BD%98%E0%BD%81%E0%BD%A0%E0%BC%8B%E0%BD%91%E0%BD%98%E0%BD%82%E0%BC%8B%E0%BD%82%E0%BD%B2%E0%BC%8B%E0%BD%A2%E0%BE%9F%E0%BD%BA%E0%BD%93%E0%BC%8B%E0%BD%82%E0%BD%9E%E0%BD%B2%E0%BC%8B%E0%BD%9E%E0%BD%B2%E0%BD%82-1762681025842",
  "method": "GET",
  "status": 401
}
[2026-02-21T17:28:41.816Z] [ERROR] Request error
    Data: {
  "message": "Unauthorized",
  "stack": "UnauthorizedError: Unauthorized\n    at getToken (D:\\work\\pecha-translation-editor\\backend\\node_modules\\express-oauth2-jwt-bearer\\dist\\index.js:82:15)\n    at D:\\work\\pecha-translation-editor\\backend\\node_modules\\express-oauth2-jwt-bearer\\dist\\index.js:402:25\n    at Layer.handle [as handle_request] (D:\\work\\pecha-translation-editor\\backend\\node_modules\\express\\lib\\router\\layer.js:95:5)\n    at next (D:\\work\\pecha-translation-editor\\backend\\node_modules\\express\\lib\\router\\route.js:149:13)\n    at Route.dispatch (D:\\work\\pecha-translation-editor\\backend\\node_modules\\express\\lib\\router\\route.js:119:3)\n    at Layer.handle [as handle_request] (D:\\work\\pecha-translation-editor\\backend\\node_modules\\express\\lib\\router\\layer.js:95:5)\n    at D:\\work\\pecha-translation-editor\\backend\\node_modules\\express\\lib\\router\\index.js:284:15\n    at param (D:\\work\\pecha-translation-editor\\backend\\node_modules\\express\\lib\\router\\index.js:365:14)\n    at param (D:\\work\\pecha-translation-editor\\backend\\node_modules\\express\\lib\\router\\index.js:376:14)\n    at Function.process_params (D:\\work\\pecha-translation-editor\\backend\\node_modules\\express\\lib\\router\\index.js:421:3)\n    at next (D:\\work\\pecha-translation-editor\\backend\\node_modules\\express\\lib\\router\\index.js:280:10)\n    at Function.handle (D:\\work\\pecha-translation-editor\\backend\\node_modules\\express\\lib\\router\\index.js:175:3)\n    at router (D:\\work\\pecha-translation-editor\\backend\\node_modules\\express\\lib\\router\\index.js:47:12)\n    at Layer.handle [as handle_request] (D:\\work\\pecha-translation-editor\\backend\\node_modules\\express\\lib\\router\\layer.js:95:5)\n    at trim_prefix (D:\\work\\pecha-translation-editor\\backend\\node_modules\\express\\lib\\router\\index.js:328:13)\n    at D:\\work\\pecha-translation-editor\\backend\\node_modules\\express\\lib\\router\\index.js:286:9",
  "url": "/versions/%E0%BC%8B%E0%BD%98%E0%BD%81%E0%BD%A0%E0%BC%8B%E0%BD%91%E0%BD%98%E0%BD%82%E0%BC%8B%E0%BD%82%E0%BD%B2%E0%BC%8B%E0%BD%A2%E0%BE%9F%E0%BD%BA%E0%BD%93%E0%BC%8B%E0%BD%82%E0%BD%9E%E0%BD%B2%E0%BC%8B%E0%BD%9E%E0%BD%B2%E0%BD%82-1762681025842",
  "method": "GET",
  "status": 401
}
[2026-02-21T17:28:43.832Z] [ERROR] Request error
    Data: {
  "message": "Unauthorized",
  "stack": "UnauthorizedError: Unauthorized\n    at getToken (D:\\work\\pecha-translation-editor\\backend\\node_modules\\express-oauth2-jwt-bearer\\dist\\index.js:82:15)\n    at D:\\work\\pecha-translation-editor\\backend\\node_modules\\express-oauth2-jwt-bearer\\dist\\index.js:402:25\n    at Layer.handle [as handle_request] (D:\\work\\pecha-translation-editor\\backend\\node_modules\\express\\lib\\router\\layer.js:95:5)\n    at next (D:\\work\\pecha-translation-editor\\backend\\node_modules\\express\\lib\\router\\route.js:149:13)\n    at Route.dispatch (D:\\work\\pecha-translation-editor\\backend\\node_modules\\express\\lib\\router\\route.js:119:3)\n    at Layer.handle [as handle_request] (D:\\work\\pecha-translation-editor\\backend\\node_modules\\express\\lib\\router\\layer.js:95:5)\n    at D:\\work\\pecha-translation-editor\\backend\\node_modules\\express\\lib\\router\\index.js:284:15\n    at param (D:\\work\\pecha-translation-editor\\backend\\node_modules\\express\\lib\\router\\index.js:365:14)\n    at param (D:\\work\\pecha-translation-editor\\backend\\node_modules\\express\\lib\\router\\index.js:376:14)\n    at Function.process_params (D:\\work\\pecha-translation-editor\\backend\\node_modules\\express\\lib\\router\\index.js:421:3)\n    at next (D:\\work\\pecha-translation-editor\\backend\\node_modules\\express\\lib\\router\\index.js:280:10)\n    at Function.handle (D:\\work\\pecha-translation-editor\\backend\\node_modules\\express\\lib\\router\\index.js:175:3)\n    at router (D:\\work\\pecha-translation-editor\\backend\\node_modules\\express\\lib\\router\\index.js:47:12)\n    at Layer.handle [as handle_request] (D:\\work\\pecha-translation-editor\\backend\\node_modules\\express\\lib\\router\\layer.js:95:5)\n    at trim_prefix (D:\\work\\pecha-translation-editor\\backend\\node_modules\\express\\lib\\router\\index.js:328:13)\n    at D:\\work\\pecha-translation-editor\\backend\\node_modules\\express\\lib\\router\\index.js:286:9",
  "url": "/versions/%E0%BC%8B%E0%BD%98%E0%BD%81%E0%BD%A0%E0%BC%8B%E0%BD%91%E0%BD%98%E0%BD%82%E0%BC%8B%E0%BD%82%E0%BD%B2%E0%BC%8B%E0%BD%A2%E0%BE%9F%E0%BD%BA%E0%BD%93%E0%BC%8B%E0%BD%82%E0%BD%9E%E0%BD%B2%E0%BC%8B%E0%BD%9E%E0%BD%B2%E0%BD%82-1762681025842",
  "method": "GET",
  "status": 401
}
[2026-02-21T17:28:47.840Z] [ERROR] Request error
    Data: {
  "message": "Unauthorized",
  "stack": "UnauthorizedError: Unauthorized\n    at getToken (D:\\work\\pecha-translation-editor\\backend\\node_modules\\express-oauth2-jwt-bearer\\dist\\index.js:82:15)\n    at D:\\work\\pecha-translation-editor\\backend\\node_modules\\express-oauth2-jwt-bearer\\dist\\index.js:402:25\n    at Layer.handle [as handle_request] (D:\\work\\pecha-translation-editor\\backend\\node_modules\\express\\lib\\router\\layer.js:95:5)\n    at next (D:\\work\\pecha-translation-editor\\backend\\node_modules\\express\\lib\\router\\route.js:149:13)\n    at Route.dispatch (D:\\work\\pecha-translation-editor\\backend\\node_modules\\express\\lib\\router\\route.js:119:3)\n    at Layer.handle [as handle_request] (D:\\work\\pecha-translation-editor\\backend\\node_modules\\express\\lib\\router\\layer.js:95:5)\n    at D:\\work\\pecha-translation-editor\\backend\\node_modules\\express\\lib\\router\\index.js:284:15\n    at param (D:\\work\\pecha-translation-editor\\backend\\node_modules\\express\\lib\\router\\index.js:365:14)\n    at param (D:\\work\\pecha-translation-editor\\backend\\node_modules\\express\\lib\\router\\index.js:376:14)\n    at Function.process_params (D:\\work\\pecha-translation-editor\\backend\\node_modules\\express\\lib\\router\\index.js:421:3)\n    at next (D:\\work\\pecha-translation-editor\\backend\\node_modules\\express\\lib\\router\\index.js:280:10)\n    at Function.handle (D:\\work\\pecha-translation-editor\\backend\\node_modules\\express\\lib\\router\\index.js:175:3)\n    at router (D:\\work\\pecha-translation-editor\\backend\\node_modules\\express\\lib\\router\\index.js:47:12)\n    at Layer.handle [as handle_request] (D:\\work\\pecha-translation-editor\\backend\\node_modules\\express\\lib\\router\\layer.js:95:5)\n    at trim_prefix (D:\\work\\pecha-translation-editor\\backend\\node_modules\\express\\lib\\router\\index.js:328:13)\n    at D:\\work\\pecha-translation-editor\\backend\\node_modules\\express\\lib\\router\\index.js:286:9",
  "url": "/versions/%E0%BC%8B%E0%BD%98%E0%BD%81%E0%BD%A0%E0%BC%8B%E0%BD%91%E0%BD%98%E0%BD%82%E0%BC%8B%E0%BD%82%E0%BD%B2%E0%BC%8B%E0%BD%A2%E0%BE%9F%E0%BD%BA%E0%BD%93%E0%BC%8B%E0%BD%82%E0%BD%9E%E0%BD%B2%E0%BC%8B%E0%BD%9E%E0%BD%B2%E0%BD%82-1762681025842",
  "method": "GET",
  "status": 401
}
[2026-02-21T17:28:56.497Z] [ERROR] Request error
    Data: {
  "message": "Unauthorized",
  "stack": "UnauthorizedError: Unauthorized\n    at getToken (D:\\work\\pecha-translation-editor\\backend\\node_modules\\express-oauth2-jwt-bearer\\dist\\index.js:82:15)\n    at D:\\work\\pecha-translation-editor\\backend\\node_modules\\express-oauth2-jwt-bearer\\dist\\index.js:402:25\n    at Layer.handle [as handle_request] (D:\\work\\pecha-translation-editor\\backend\\node_modules\\express\\lib\\router\\layer.js:95:5)\n    at next (D:\\work\\pecha-translation-editor\\backend\\node_modules\\express\\lib\\router\\route.js:149:13)\n    at Route.dispatch (D:\\work\\pecha-translation-editor\\backend\\node_modules\\express\\lib\\router\\route.js:119:3)\n    at Layer.handle [as handle_request] (D:\\work\\pecha-translation-editor\\backend\\node_modules\\express\\lib\\router\\layer.js:95:5)\n    at D:\\work\\pecha-translation-editor\\backend\\node_modules\\express\\lib\\router\\index.js:284:15\n    at param (D:\\work\\pecha-translation-editor\\backend\\node_modules\\express\\lib\\router\\index.js:365:14)\n    at param (D:\\work\\pecha-translation-editor\\backend\\node_modules\\express\\lib\\router\\index.js:376:14)\n    at Function.process_params (D:\\work\\pecha-translation-editor\\backend\\node_modules\\express\\lib\\router\\index.js:421:3)\n    at next (D:\\work\\pecha-translation-editor\\backend\\node_modules\\express\\lib\\router\\index.js:280:10)\n    at Function.handle (D:\\work\\pecha-translation-editor\\backend\\node_modules\\express\\lib\\router\\index.js:175:3)\n    at router (D:\\work\\pecha-translation-editor\\backend\\node_modules\\express\\lib\\router\\index.js:47:12)\n    at Layer.handle [as handle_request] (D:\\work\\pecha-translation-editor\\backend\\node_modules\\express\\lib\\router\\layer.js:95:5)\n    at trim_prefix (D:\\work\\pecha-translation-editor\\backend\\node_modules\\express\\lib\\router\\index.js:328:13)\n    at D:\\work\\pecha-translation-editor\\backend\\node_modules\\express\\lib\\router\\index.js:286:9",
  "url": "/versions/%E0%BC%8B%E0%BD%98%E0%BD%81%E0%BD%A0%E0%BC%8B%E0%BD%91%E0%BD%98%E0%BD%82%E0%BC%8B%E0%BD%82%E0%BD%B2%E0%BC%8B%E0%BD%A2%E0%BE%9F%E0%BD%BA%E0%BD%93%E0%BC%8B%E0%BD%82%E0%BD%9E%E0%BD%B2%E0%BC%8B%E0%BD%9E%E0%BD%B2%E0%BD%82-1762681025842",
  "method": "GET",
  "status": 401
}
[2026-02-21T17:28:57.526Z] [ERROR] Request error
    Data: {
  "message": "Unauthorized",
  "stack": "UnauthorizedError: Unauthorized\n    at getToken (D:\\work\\pecha-translation-editor\\backend\\node_modules\\express-oauth2-jwt-bearer\\dist\\index.js:82:15)\n    at D:\\work\\pecha-translation-editor\\backend\\node_modules\\express-oauth2-jwt-bearer\\dist\\index.js:402:25\n    at Layer.handle [as handle_request] (D:\\work\\pecha-translation-editor\\backend\\node_modules\\express\\lib\\router\\layer.js:95:5)\n    at next (D:\\work\\pecha-translation-editor\\backend\\node_modules\\express\\lib\\router\\route.js:149:13)\n    at Route.dispatch (D:\\work\\pecha-translation-editor\\backend\\node_modules\\express\\lib\\router\\route.js:119:3)\n    at Layer.handle [as handle_request] (D:\\work\\pecha-translation-editor\\backend\\node_modules\\express\\lib\\router\\layer.js:95:5)\n    at D:\\work\\pecha-translation-editor\\backend\\node_modules\\express\\lib\\router\\index.js:284:15\n    at param (D:\\work\\pecha-translation-editor\\backend\\node_modules\\express\\lib\\router\\index.js:365:14)\n    at param (D:\\work\\pecha-translation-editor\\backend\\node_modules\\express\\lib\\router\\index.js:376:14)\n    at Function.process_params (D:\\work\\pecha-translation-editor\\backend\\node_modules\\express\\lib\\router\\index.js:421:3)\n    at next (D:\\work\\pecha-translation-editor\\backend\\node_modules\\express\\lib\\router\\index.js:280:10)\n    at Function.handle (D:\\work\\pecha-translation-editor\\backend\\node_modules\\express\\lib\\router\\index.js:175:3)\n    at router (D:\\work\\pecha-translation-editor\\backend\\node_modules\\express\\lib\\router\\index.js:47:12)\n    at Layer.handle [as handle_request] (D:\\work\\pecha-translation-editor\\backend\\node_modules\\express\\lib\\router\\layer.js:95:5)\n    at trim_prefix (D:\\work\\pecha-translation-editor\\backend\\node_modules\\express\\lib\\router\\index.js:328:13)\n    at D:\\work\\pecha-translation-editor\\backend\\node_modules\\express\\lib\\router\\index.js:286:9",
  "url": "/versions/%E0%BC%8B%E0%BD%98%E0%BD%81%E0%BD%A0%E0%BC%8B%E0%BD%91%E0%BD%98%E0%BD%82%E0%BC%8B%E0%BD%82%E0%BD%B2%E0%BC%8B%E0%BD%A2%E0%BE%9F%E0%BD%BA%E0%BD%93%E0%BC%8B%E0%BD%82%E0%BD%9E%E0%BD%B2%E0%BC%8B%E0%BD%9E%E0%BD%B2%E0%BD%82-1762681025842",
  "method": "GET",
  "status": 401
}
[2026-02-21T17:28:59.534Z] [ERROR] Request error
    Data: {
  "message": "Unauthorized",
  "stack": "UnauthorizedError: Unauthorized\n    at getToken (D:\\work\\pecha-translation-editor\\backend\\node_modules\\express-oauth2-jwt-bearer\\dist\\index.js:82:15)\n    at D:\\work\\pecha-translation-editor\\backend\\node_modules\\express-oauth2-jwt-bearer\\dist\\index.js:402:25\n    at Layer.handle [as handle_request] (D:\\work\\pecha-translation-editor\\backend\\node_modules\\express\\lib\\router\\layer.js:95:5)\n    at next (D:\\work\\pecha-translation-editor\\backend\\node_modules\\express\\lib\\router\\route.js:149:13)\n    at Route.dispatch (D:\\work\\pecha-translation-editor\\backend\\node_modules\\express\\lib\\router\\route.js:119:3)\n    at Layer.handle [as handle_request] (D:\\work\\pecha-translation-editor\\backend\\node_modules\\express\\lib\\router\\layer.js:95:5)\n    at D:\\work\\pecha-translation-editor\\backend\\node_modules\\express\\lib\\router\\index.js:284:15\n    at param (D:\\work\\pecha-translation-editor\\backend\\node_modules\\express\\lib\\router\\index.js:365:14)\n    at param (D:\\work\\pecha-translation-editor\\backend\\node_modules\\express\\lib\\router\\index.js:376:14)\n    at Function.process_params (D:\\work\\pecha-translation-editor\\backend\\node_modules\\express\\lib\\router\\index.js:421:3)\n    at next (D:\\work\\pecha-translation-editor\\backend\\node_modules\\express\\lib\\router\\index.js:280:10)\n    at Function.handle (D:\\work\\pecha-translation-editor\\backend\\node_modules\\express\\lib\\router\\index.js:175:3)\n    at router (D:\\work\\pecha-translation-editor\\backend\\node_modules\\express\\lib\\router\\index.js:47:12)\n    at Layer.handle [as handle_request] (D:\\work\\pecha-translation-editor\\backend\\node_modules\\express\\lib\\router\\layer.js:95:5)\n    at trim_prefix (D:\\work\\pecha-translation-editor\\backend\\node_modules\\express\\lib\\router\\index.js:328:13)\n    at D:\\work\\pecha-translation-editor\\backend\\node_modules\\express\\lib\\router\\index.js:286:9",
  "url": "/versions/%E0%BC%8B%E0%BD%98%E0%BD%81%E0%BD%A0%E0%BC%8B%E0%BD%91%E0%BD%98%E0%BD%82%E0%BC%8B%E0%BD%82%E0%BD%B2%E0%BC%8B%E0%BD%A2%E0%BE%9F%E0%BD%BA%E0%BD%93%E0%BC%8B%E0%BD%82%E0%BD%9E%E0%BD%B2%E0%BC%8B%E0%BD%9E%E0%BD%B2%E0%BD%82-1762681025842",
  "method": "GET",
  "status": 401
}
[2026-02-21T17:29:03.553Z] [ERROR] Request error
    Data: {
  "message": "Unauthorized",
  "stack": "UnauthorizedError: Unauthorized\n    at getToken (D:\\work\\pecha-translation-editor\\backend\\node_modules\\express-oauth2-jwt-bearer\\dist\\index.js:82:15)\n    at D:\\work\\pecha-translation-editor\\backend\\node_modules\\express-oauth2-jwt-bearer\\dist\\index.js:402:25\n    at Layer.handle [as handle_request] (D:\\work\\pecha-translation-editor\\backend\\node_modules\\express\\lib\\router\\layer.js:95:5)\n    at next (D:\\work\\pecha-translation-editor\\backend\\node_modules\\express\\lib\\router\\route.js:149:13)\n    at Route.dispatch (D:\\work\\pecha-translation-editor\\backend\\node_modules\\express\\lib\\router\\route.js:119:3)\n    at Layer.handle [as handle_request] (D:\\work\\pecha-translation-editor\\backend\\node_modules\\express\\lib\\router\\layer.js:95:5)\n    at D:\\work\\pecha-translation-editor\\backend\\node_modules\\express\\lib\\router\\index.js:284:15\n    at param (D:\\work\\pecha-translation-editor\\backend\\node_modules\\express\\lib\\router\\index.js:365:14)\n    at param (D:\\work\\pecha-translation-editor\\backend\\node_modules\\express\\lib\\router\\index.js:376:14)\n    at Function.process_params (D:\\work\\pecha-translation-editor\\backend\\node_modules\\express\\lib\\router\\index.js:421:3)\n    at next (D:\\work\\pecha-translation-editor\\backend\\node_modules\\express\\lib\\router\\index.js:280:10)\n    at Function.handle (D:\\work\\pecha-translation-editor\\backend\\node_modules\\express\\lib\\router\\index.js:175:3)\n    at router (D:\\work\\pecha-translation-editor\\backend\\node_modules\\express\\lib\\router\\index.js:47:12)\n    at Layer.handle [as handle_request] (D:\\work\\pecha-translation-editor\\backend\\node_modules\\express\\lib\\router\\layer.js:95:5)\n    at trim_prefix (D:\\work\\pecha-translation-editor\\backend\\node_modules\\express\\lib\\router\\index.js:328:13)\n    at D:\\work\\pecha-translation-editor\\backend\\node_modules\\express\\lib\\router\\index.js:286:9",
  "url": "/versions/%E0%BC%8B%E0%BD%98%E0%BD%81%E0%BD%A0%E0%BC%8B%E0%BD%91%E0%BD%98%E0%BD%82%E0%BC%8B%E0%BD%82%E0%BD%B2%E0%BC%8B%E0%BD%A2%E0%BE%9F%E0%BD%BA%E0%BD%93%E0%BC%8B%E0%BD%82%E0%BD%9E%E0%BD%B2%E0%BC%8B%E0%BD%9E%E0%BD%B2%E0%BD%82-1762681025842",
  "method": "GET",
  "status": 401
}
[2026-02-21T17:35:32.947Z] [ERROR] Request error
    Data: {
  "message": "Unauthorized",
  "stack": "UnauthorizedError: Unauthorized\n    at getToken (D:\\work\\pecha-translation-editor\\backend\\node_modules\\express-oauth2-jwt-bearer\\dist\\index.js:82:15)\n    at D:\\work\\pecha-translation-editor\\backend\\node_modules\\express-oauth2-jwt-bearer\\dist\\index.js:402:25\n    at Layer.handle [as handle_request] (D:\\work\\pecha-translation-editor\\backend\\node_modules\\express\\lib\\router\\layer.js:95:5)\n    at next (D:\\work\\pecha-translation-editor\\backend\\node_modules\\express\\lib\\router\\route.js:149:13)\n    at Route.dispatch (D:\\work\\pecha-translation-editor\\backend\\node_modules\\express\\lib\\router\\route.js:119:3)\n    at Layer.handle [as handle_request] (D:\\work\\pecha-translation-editor\\backend\\node_modules\\express\\lib\\router\\layer.js:95:5)\n    at D:\\work\\pecha-translation-editor\\backend\\node_modules\\express\\lib\\router\\index.js:284:15\n    at param (D:\\work\\pecha-translation-editor\\backend\\node_modules\\express\\lib\\router\\index.js:365:14)\n    at param (D:\\work\\pecha-translation-editor\\backend\\node_modules\\express\\lib\\router\\index.js:376:14)\n    at Function.process_params (D:\\work\\pecha-translation-editor\\backend\\node_modules\\express\\lib\\router\\index.js:421:3)\n    at next (D:\\work\\pecha-translation-editor\\backend\\node_modules\\express\\lib\\router\\index.js:280:10)\n    at Function.handle (D:\\work\\pecha-translation-editor\\backend\\node_modules\\express\\lib\\router\\index.js:175:3)\n    at router (D:\\work\\pecha-translation-editor\\backend\\node_modules\\express\\lib\\router\\index.js:47:12)\n    at Layer.handle [as handle_request] (D:\\work\\pecha-translation-editor\\backend\\node_modules\\express\\lib\\router\\layer.js:95:5)\n    at trim_prefix (D:\\work\\pecha-translation-editor\\backend\\node_modules\\express\\lib\\router\\index.js:328:13)\n    at D:\\work\\pecha-translation-editor\\backend\\node_modules\\express\\lib\\router\\index.js:286:9",
  "url": "/documents/%E0%BC%8B%E0%BD%98%E0%BD%81%E0%BD%A0%E0%BC%8B%E0%BD%91%E0%BD%98%E0%BD%82%E0%BC%8B%E0%BD%82%E0%BD%B2%E0%BC%8B%E0%BD%A2%E0%BE%9F%E0%BD%BA%E0%BD%93%E0%BC%8B%E0%BD%82%E0%BD%9E%E0%BD%B2%E0%BC%8B%E0%BD%9E%E0%BD%B2%E0%BD%82-1762681025842",
  "method": "GET",
  "status": 401
}
[2026-02-21T17:35:33.959Z] [ERROR] Request error
    Data: {
  "message": "Unauthorized",
  "stack": "UnauthorizedError: Unauthorized\n    at getToken (D:\\work\\pecha-translation-editor\\backend\\node_modules\\express-oauth2-jwt-bearer\\dist\\index.js:82:15)\n    at D:\\work\\pecha-translation-editor\\backend\\node_modules\\express-oauth2-jwt-bearer\\dist\\index.js:402:25\n    at Layer.handle [as handle_request] (D:\\work\\pecha-translation-editor\\backend\\node_modules\\express\\lib\\router\\layer.js:95:5)\n    at next (D:\\work\\pecha-translation-editor\\backend\\node_modules\\express\\lib\\router\\route.js:149:13)\n    at Route.dispatch (D:\\work\\pecha-translation-editor\\backend\\node_modules\\express\\lib\\router\\route.js:119:3)\n    at Layer.handle [as handle_request] (D:\\work\\pecha-translation-editor\\backend\\node_modules\\express\\lib\\router\\layer.js:95:5)\n    at D:\\work\\pecha-translation-editor\\backend\\node_modules\\express\\lib\\router\\index.js:284:15\n    at param (D:\\work\\pecha-translation-editor\\backend\\node_modules\\express\\lib\\router\\index.js:365:14)\n    at param (D:\\work\\pecha-translation-editor\\backend\\node_modules\\express\\lib\\router\\index.js:376:14)\n    at Function.process_params (D:\\work\\pecha-translation-editor\\backend\\node_modules\\express\\lib\\router\\index.js:421:3)\n    at next (D:\\work\\pecha-translation-editor\\backend\\node_modules\\express\\lib\\router\\index.js:280:10)\n    at Function.handle (D:\\work\\pecha-translation-editor\\backend\\node_modules\\express\\lib\\router\\index.js:175:3)\n    at router (D:\\work\\pecha-translation-editor\\backend\\node_modules\\express\\lib\\router\\index.js:47:12)\n    at Layer.handle [as handle_request] (D:\\work\\pecha-translation-editor\\backend\\node_modules\\express\\lib\\router\\layer.js:95:5)\n    at trim_prefix (D:\\work\\pecha-translation-editor\\backend\\node_modules\\express\\lib\\router\\index.js:328:13)\n    at D:\\work\\pecha-translation-editor\\backend\\node_modules\\express\\lib\\router\\index.js:286:9",
  "url": "/documents/%E0%BC%8B%E0%BD%98%E0%BD%81%E0%BD%A0%E0%BC%8B%E0%BD%91%E0%BD%98%E0%BD%82%E0%BC%8B%E0%BD%82%E0%BD%B2%E0%BC%8B%E0%BD%A2%E0%BE%9F%E0%BD%BA%E0%BD%93%E0%BC%8B%E0%BD%82%E0%BD%9E%E0%BD%B2%E0%BC%8B%E0%BD%9E%E0%BD%B2%E0%BD%82-1762681025842",
  "method": "GET",
  "status": 401
}
[2026-02-21T17:35:35.966Z] [ERROR] Request error
    Data: {
  "message": "Unauthorized",
  "stack": "UnauthorizedError: Unauthorized\n    at getToken (D:\\work\\pecha-translation-editor\\backend\\node_modules\\express-oauth2-jwt-bearer\\dist\\index.js:82:15)\n    at D:\\work\\pecha-translation-editor\\backend\\node_modules\\express-oauth2-jwt-bearer\\dist\\index.js:402:25\n    at Layer.handle [as handle_request] (D:\\work\\pecha-translation-editor\\backend\\node_modules\\express\\lib\\router\\layer.js:95:5)\n    at next (D:\\work\\pecha-translation-editor\\backend\\node_modules\\express\\lib\\router\\route.js:149:13)\n    at Route.dispatch (D:\\work\\pecha-translation-editor\\backend\\node_modules\\express\\lib\\router\\route.js:119:3)\n    at Layer.handle [as handle_request] (D:\\work\\pecha-translation-editor\\backend\\node_modules\\express\\lib\\router\\layer.js:95:5)\n    at D:\\work\\pecha-translation-editor\\backend\\node_modules\\express\\lib\\router\\index.js:284:15\n    at param (D:\\work\\pecha-translation-editor\\backend\\node_modules\\express\\lib\\router\\index.js:365:14)\n    at param (D:\\work\\pecha-translation-editor\\backend\\node_modules\\express\\lib\\router\\index.js:376:14)\n    at Function.process_params (D:\\work\\pecha-translation-editor\\backend\\node_modules\\express\\lib\\router\\index.js:421:3)\n    at next (D:\\work\\pecha-translation-editor\\backend\\node_modules\\express\\lib\\router\\index.js:280:10)\n    at Function.handle (D:\\work\\pecha-translation-editor\\backend\\node_modules\\express\\lib\\router\\index.js:175:3)\n    at router (D:\\work\\pecha-translation-editor\\backend\\node_modules\\express\\lib\\router\\index.js:47:12)\n    at Layer.handle [as handle_request] (D:\\work\\pecha-translation-editor\\backend\\node_modules\\express\\lib\\router\\layer.js:95:5)\n    at trim_prefix (D:\\work\\pecha-translation-editor\\backend\\node_modules\\express\\lib\\router\\index.js:328:13)\n    at D:\\work\\pecha-translation-editor\\backend\\node_modules\\express\\lib\\router\\index.js:286:9",
  "url": "/documents/%E0%BC%8B%E0%BD%98%E0%BD%81%E0%BD%A0%E0%BC%8B%E0%BD%91%E0%BD%98%E0%BD%82%E0%BC%8B%E0%BD%82%E0%BD%B2%E0%BC%8B%E0%BD%A2%E0%BE%9F%E0%BD%BA%E0%BD%93%E0%BC%8B%E0%BD%82%E0%BD%9E%E0%BD%B2%E0%BC%8B%E0%BD%9E%E0%BD%B2%E0%BD%82-1762681025842",
  "method": "GET",
  "status": 401
}
[2026-02-21T17:35:39.974Z] [ERROR] Request error
    Data: {
  "message": "Unauthorized",
  "stack": "UnauthorizedError: Unauthorized\n    at getToken (D:\\work\\pecha-translation-editor\\backend\\node_modules\\express-oauth2-jwt-bearer\\dist\\index.js:82:15)\n    at D:\\work\\pecha-translation-editor\\backend\\node_modules\\express-oauth2-jwt-bearer\\dist\\index.js:402:25\n    at Layer.handle [as handle_request] (D:\\work\\pecha-translation-editor\\backend\\node_modules\\express\\lib\\router\\layer.js:95:5)\n    at next (D:\\work\\pecha-translation-editor\\backend\\node_modules\\express\\lib\\router\\route.js:149:13)\n    at Route.dispatch (D:\\work\\pecha-translation-editor\\backend\\node_modules\\express\\lib\\router\\route.js:119:3)\n    at Layer.handle [as handle_request] (D:\\work\\pecha-translation-editor\\backend\\node_modules\\express\\lib\\router\\layer.js:95:5)\n    at D:\\work\\pecha-translation-editor\\backend\\node_modules\\express\\lib\\router\\index.js:284:15\n    at param (D:\\work\\pecha-translation-editor\\backend\\node_modules\\express\\lib\\router\\index.js:365:14)\n    at param (D:\\work\\pecha-translation-editor\\backend\\node_modules\\express\\lib\\router\\index.js:376:14)\n    at Function.process_params (D:\\work\\pecha-translation-editor\\backend\\node_modules\\express\\lib\\router\\index.js:421:3)\n    at next (D:\\work\\pecha-translation-editor\\backend\\node_modules\\express\\lib\\router\\index.js:280:10)\n    at Function.handle (D:\\work\\pecha-translation-editor\\backend\\node_modules\\express\\lib\\router\\index.js:175:3)\n    at router (D:\\work\\pecha-translation-editor\\backend\\node_modules\\express\\lib\\router\\index.js:47:12)\n    at Layer.handle [as handle_request] (D:\\work\\pecha-translation-editor\\backend\\node_modules\\express\\lib\\router\\layer.js:95:5)\n    at trim_prefix (D:\\work\\pecha-translation-editor\\backend\\node_modules\\express\\lib\\router\\index.js:328:13)\n    at D:\\work\\pecha-translation-editor\\backend\\node_modules\\express\\lib\\router\\index.js:286:9",
  "url": "/documents/%E0%BC%8B%E0%BD%98%E0%BD%81%E0%BD%A0%E0%BC%8B%E0%BD%91%E0%BD%98%E0%BD%82%E0%BC%8B%E0%BD%82%E0%BD%B2%E0%BC%8B%E0%BD%A2%E0%BE%9F%E0%BD%BA%E0%BD%93%E0%BC%8B%E0%BD%82%E0%BD%9E%E0%BD%B2%E0%BC%8B%E0%BD%9E%E0%BD%B2%E0%BD%82-1762681025842",
  "method": "GET",
  "status": 401
}
[2026-02-21T17:35:41.654Z] [ERROR] Request error
    Data: {
  "message": "Unauthorized",
  "stack": "UnauthorizedError: Unauthorized\n    at getToken (D:\\work\\pecha-translation-editor\\backend\\node_modules\\express-oauth2-jwt-bearer\\dist\\index.js:82:15)\n    at D:\\work\\pecha-translation-editor\\backend\\node_modules\\express-oauth2-jwt-bearer\\dist\\index.js:402:25\n    at Layer.handle [as handle_request] (D:\\work\\pecha-translation-editor\\backend\\node_modules\\express\\lib\\router\\layer.js:95:5)\n    at next (D:\\work\\pecha-translation-editor\\backend\\node_modules\\express\\lib\\router\\route.js:149:13)\n    at Route.dispatch (D:\\work\\pecha-translation-editor\\backend\\node_modules\\express\\lib\\router\\route.js:119:3)\n    at Layer.handle [as handle_request] (D:\\work\\pecha-translation-editor\\backend\\node_modules\\express\\lib\\router\\layer.js:95:5)\n    at D:\\work\\pecha-translation-editor\\backend\\node_modules\\express\\lib\\router\\index.js:284:15\n    at param (D:\\work\\pecha-translation-editor\\backend\\node_modules\\express\\lib\\router\\index.js:365:14)\n    at param (D:\\work\\pecha-translation-editor\\backend\\node_modules\\express\\lib\\router\\index.js:376:14)\n    at Function.process_params (D:\\work\\pecha-translation-editor\\backend\\node_modules\\express\\lib\\router\\index.js:421:3)\n    at next (D:\\work\\pecha-translation-editor\\backend\\node_modules\\express\\lib\\router\\index.js:280:10)\n    at Function.handle (D:\\work\\pecha-translation-editor\\backend\\node_modules\\express\\lib\\router\\index.js:175:3)\n    at router (D:\\work\\pecha-translation-editor\\backend\\node_modules\\express\\lib\\router\\index.js:47:12)\n    at Layer.handle [as handle_request] (D:\\work\\pecha-translation-editor\\backend\\node_modules\\express\\lib\\router\\layer.js:95:5)\n    at trim_prefix (D:\\work\\pecha-translation-editor\\backend\\node_modules\\express\\lib\\router\\index.js:328:13)\n    at D:\\work\\pecha-translation-editor\\backend\\node_modules\\express\\lib\\router\\index.js:286:9",
  "url": "/documents/%E0%BC%8B%E0%BD%98%E0%BD%81%E0%BD%A0%E0%BC%8B%E0%BD%91%E0%BD%98%E0%BD%82%E0%BC%8B%E0%BD%82%E0%BD%B2%E0%BC%8B%E0%BD%A2%E0%BE%9F%E0%BD%BA%E0%BD%93%E0%BC%8B%E0%BD%82%E0%BD%9E%E0%BD%B2%E0%BC%8B%E0%BD%9E%E0%BD%B2%E0%BD%82-1762681025842/content",
  "method": "PATCH",
  "status": 401
}
